// Vitest Snapshot v1, https://vitest.dev/guide/snapshot.html

exports[`render a card with dummy data 1`] = `
{
  "asFragment": [Function],
  "baseElement": <body>
    <div>
      <div>
        <div
          class="sc-gEvEer cWcOBp"
        >
          <div
            class="sc-eqUAAy dHOlDZ"
          >
            <img
              class="sc-aXZVg hOybyn"
              src="https://avatars.githubusercontent.com/u/131052?v=4"
            />
            <div
              class="sc-iGgWBj gnmhnl"
            >
              <h5
                class="sc-fqkvVR jkfviT"
              >
                Name: 
                asd
              </h5>
              <h6
                class="sc-dcJsrY iWRpLS"
              >
                User Email: 
                a@email.com
              </h6>
              <h6>
                Username: 
                ads
              </h6>
              <p
                class="sc-gsFSXq crWHRf"
              >
                Company: 
                home
              </p>
            </div>
            <span
              class="sc-kAyceB jkPlHY"
            >
              User
            </span>
          </div>
        </div>
      </div>
    </div>
  </body>,
  "container": <div>
    <div>
      <div
        class="sc-gEvEer cWcOBp"
      >
        <div
          class="sc-eqUAAy dHOlDZ"
        >
          <img
            class="sc-aXZVg hOybyn"
            src="https://avatars.githubusercontent.com/u/131052?v=4"
          />
          <div
            class="sc-iGgWBj gnmhnl"
          >
            <h5
              class="sc-fqkvVR jkfviT"
            >
              Name: 
              asd
            </h5>
            <h6
              class="sc-dcJsrY iWRpLS"
            >
              User Email: 
              a@email.com
            </h6>
            <h6>
              Username: 
              ads
            </h6>
            <p
              class="sc-gsFSXq crWHRf"
            >
              Company: 
              home
            </p>
          </div>
          <span
            class="sc-kAyceB jkPlHY"
          >
            User
          </span>
        </div>
      </div>
    </div>
  </div>,
  "debug": [Function],
  "findAllByAltText": [Function],
  "findAllByDisplayValue": [Function],
  "findAllByLabelText": [Function],
  "findAllByPlaceholderText": [Function],
  "findAllByRole": [Function],
  "findAllByTestId": [Function],
  "findAllByText": [Function],
  "findAllByTitle": [Function],
  "findByAltText": [Function],
  "findByDisplayValue": [Function],
  "findByLabelText": [Function],
  "findByPlaceholderText": [Function],
  "findByRole": [Function],
  "findByTestId": [Function],
  "findByText": [Function],
  "findByTitle": [Function],
  "getAllByAltText": [Function],
  "getAllByDisplayValue": [Function],
  "getAllByLabelText": [Function],
  "getAllByPlaceholderText": [Function],
  "getAllByRole": [Function],
  "getAllByTestId": [Function],
  "getAllByText": [Function],
  "getAllByTitle": [Function],
  "getByAltText": [Function],
  "getByDisplayValue": [Function],
  "getByLabelText": [Function],
  "getByPlaceholderText": [Function],
  "getByRole": [Function],
  "getByTestId": [Function],
  "getByText": [Function],
  "getByTitle": [Function],
  "queryAllByAltText": [Function],
  "queryAllByDisplayValue": [Function],
  "queryAllByLabelText": [Function],
  "queryAllByPlaceholderText": [Function],
  "queryAllByRole": [Function],
  "queryAllByTestId": [Function],
  "queryAllByText": [Function],
  "queryAllByTitle": [Function],
  "queryByAltText": [Function],
  "queryByDisplayValue": [Function],
  "queryByLabelText": [Function],
  "queryByPlaceholderText": [Function],
  "queryByRole": [Function],
  "queryByTestId": [Function],
  "queryByText": [Function],
  "queryByTitle": [Function],
  "rerender": [Function],
  "unmount": [Function],
}
`;
