// Jest Snapshot v1, https://goo.gl/fbAQLP

exports[`Should render the app 1`] = `
Object {
  "asFragment": [Function],
  "baseElement": <body>
    <div>
      <div
        class="App"
      >
        <header
          class="sc-iwjdpV lhbYkA"
        >
          <div>
            <div>
              <h1>
                Search for GitHub Users
              </h1>
              <div
                class="sc-furwcr jrFWNp"
              >
                <input
                  class="sc-pVTFL lktBfo"
                  data-testid="StyledInput"
                  placeholder="Search a user or organization"
                  value=""
                />
              </div>
            </div>
            <div>
              Enter a login, name or company you are looking for
            </div>
          </div>
        </header>
      </div>
    </div>
  </body>,
  "container": <div>
    <div
      class="App"
    >
      <header
        class="sc-iwjdpV lhbYkA"
      >
        <div>
          <div>
            <h1>
              Search for GitHub Users
            </h1>
            <div
              class="sc-furwcr jrFWNp"
            >
              <input
                class="sc-pVTFL lktBfo"
                data-testid="StyledInput"
                placeholder="Search a user or organization"
                value=""
              />
            </div>
          </div>
          <div>
            Enter a login, name or company you are looking for
          </div>
        </div>
      </header>
    </div>
  </div>,
  "debug": [Function],
  "findAllByAltText": [Function],
  "findAllByDisplayValue": [Function],
  "findAllByLabelText": [Function],
  "findAllByPlaceholderText": [Function],
  "findAllByRole": [Function],
  "findAllByTestId": [Function],
  "findAllByText": [Function],
  "findAllByTitle": [Function],
  "findByAltText": [Function],
  "findByDisplayValue": [Function],
  "findByLabelText": [Function],
  "findByPlaceholderText": [Function],
  "findByRole": [Function],
  "findByTestId": [Function],
  "findByText": [Function],
  "findByTitle": [Function],
  "getAllByAltText": [Function],
  "getAllByDisplayValue": [Function],
  "getAllByLabelText": [Function],
  "getAllByPlaceholderText": [Function],
  "getAllByRole": [Function],
  "getAllByTestId": [Function],
  "getAllByText": [Function],
  "getAllByTitle": [Function],
  "getByAltText": [Function],
  "getByDisplayValue": [Function],
  "getByLabelText": [Function],
  "getByPlaceholderText": [Function],
  "getByRole": [Function],
  "getByTestId": [Function],
  "getByText": [Function],
  "getByTitle": [Function],
  "queryAllByAltText": [Function],
  "queryAllByDisplayValue": [Function],
  "queryAllByLabelText": [Function],
  "queryAllByPlaceholderText": [Function],
  "queryAllByRole": [Function],
  "queryAllByTestId": [Function],
  "queryAllByText": [Function],
  "queryAllByTitle": [Function],
  "queryByAltText": [Function],
  "queryByDisplayValue": [Function],
  "queryByLabelText": [Function],
  "queryByPlaceholderText": [Function],
  "queryByRole": [Function],
  "queryByTestId": [Function],
  "queryByText": [Function],
  "queryByTitle": [Function],
  "rerender": [Function],
  "unmount": [Function],
}
`;
